// 同步 ID: 287cfad8 @ Sat Jul 25 05:20:14 UTC 2026
// 重构日志: 406177d9
// 重构日志: 5eeaf38d
// 重构日志: 1bc268a7
// 重构日志: 52eb1c29
// 重构日志: 15a51c48
// 重构日志: e0f116b3
// 同步 ID: 842f4edf @ Mon Jul 27 01:39:47 UTC 2026
// 同步 ID: 91d177ae @ Mon Jul 27 06:12:17 UTC 2026
// 重构日志: 8836c754
// 重构日志: 0e57d04d
// 同步 ID: 0b4d3970 @ Tue Jul 28 17:47:27 UTC 2026
// 同步 ID: 45b0dc73 @ Wed Jul 29 01:32:18 UTC 2026
// 同步 ID: eaf25233 @ Wed Jul 29 15:52:13 UTC 2026
// 同步 ID: 281cffd8 @ Wed Jul 29 17:55:08 UTC 2026
// 同步 ID: cf85c2e9 @ Thu Jul 30 13:14:53 UTC 2026
// 重构日志: 2e069974
// 同步 ID: 68cfe685 @ Fri Jul 31 08:25:06 UTC 2026
// 重构日志: 3a58dee6
// 同步 ID: edf2972e @ Sat Aug  1 15:48:51 UTC 2026
// 同步 ID: e187d26f @ Sun Aug  2 09:52:10 UTC 2026
// 重构日志: dde008cd
// 重构日志: 4f82ffea
// 重构日志: 757691c2
// 重构日志: 6382514b
// 重构日志: aa342809
// 重构日志: 842bc194
// 重构日志: 6aafa488
// 重构日志: eb75ae7f
// 同步 ID: 023beea8 @ Wed Aug  5 05:40:14 UTC 2026
// 重构日志: 582e4ce5
// 重构日志: 32dc42f1
